[backblue.gif]
[fade.gif]
[index.html]
[use.fontawesome.com/releases/v5.8.2/css/all.css]
[mdbootstrap.com/img/Photos/Avatars/img (9).jpg]
[mdbootstrap.com/img/Photos/Avatars/img (27).jpg]
[mdbootstrap.com/img/Photos/Avatars/img (3).jpg]
[mdbootstrap.com/img/Photos/Avatars/img (2).jpg]
[mdbootstrap.com/img/Photos/Avatars/img (31).jpg]
[mdbootstrap.com/img/Photos/Avatars/img (5).jpg]
[mdbootstrap.com/img/Photos/Avatars/img (8).jpg]
[mdbootstrap.com/img/Photos/Avatars/img (15).jpg]
[mdbootstrap.com/img/Photos/Horizontal/Nature/4-col/img (73).jpg]
[mdbootstrap.com/img/Photos/Horizontal/Nature/4-col/img (78).jpg]
[mdbootstrap.com/img/Photos/Horizontal/Nature/4-col/img (79).jpg]
[mdbootstrap.com/img/Photos/Horizontal/Nature/4-col/img (81).jpg]
[mdbootstrap.com/img/Photos/Horizontal/Nature/4-col/img (82).jpg]
[mdbootstrap.com/img/Photos/Horizontal/Nature/4-col/img (84).jpg]
[mdbootstrap.com/projects/zonyzeb/s/mdb/js/jquery-3.4.1.min.js]
[mdbootstrap.com/projects/zonyzeb/s/mdb/js/popper.min.js]
[mdbootstrap.com/projects/zonyzeb/s/mdb/js/bootstrap.min.js]
[mdbootstrap.com/projects/zonyzeb/s/mdb/js/mdb.min.js]
[mdbootstrap.com/projects/zonyzeb/s/index.html]
[mdbootstrap.com/projects/zonyzeb/s/undefined.html]
[mdbootstrap.com/img/Photos/Avatars/img (9).jpg]
[mdbootstrap.com/img/Photos/Avatars/img (27).jpg]
[mdbootstrap.com/img/Photos/Avatars/img (3).jpg]
[mdbootstrap.com/img/Photos/Avatars/img (2).jpg]
[mdbootstrap.com/img/Photos/Avatars/img (31).jpg]
[mdbootstrap.com/img/Photos/Avatars/img (15).jpg]
[mdbootstrap.com/img/Photos/Horizontal/Nature/4-col/img (73).jpg]
[use.fontawesome.com/releases/v5.8.2/webfonts/fa-brands-400.svg]
[mdbootstrap.com/img/Photos/Horizontal/Nature/4-col/img (78).jpg]
[mdbootstrap.com/img/Photos/Horizontal/Nature/4-col/img (79).jpg]
[mdbootstrap.com/img/Photos/Horizontal/Nature/4-col/img (81).jpg]
[use.fontawesome.com/releases/v5.8.2/webfonts/fa-regular-400.svg]
[mdbootstrap.com/img/Photos/Horizontal/Nature/4-col/img (82).jpg]
[mdbootstrap.com/img/Photos/Horizontal/Nature/4-col/img (84).jpg]
[mdbootstrap.com/projects/zonyzeb/s/mdb/js/jquery-3.4.1.min.js]
[mdbootstrap.com/projects/zonyzeb/s/mdb/js/popper.min.js]
[use.fontawesome.com/releases/v5.8.2/css/all.css]
[mdbootstrap.com/projects/zonyzeb/s/mdb/css/bootstrap.min.css]
[mdbootstrap.com/projects/zonyzeb/s/mdb/js/bootstrap.min.js]
[mdbootstrap.com/projects/zonyzeb/s/mdb/js/mdb.min.js]
[use.fontawesome.com/releases/v5.8.2/webfonts/fa-solid-900.svg]
[mdbootstrap.com/projects/zonyzeb/s/mdb/font/roboto/Roboto-Thin.eot]
[mdbootstrap.com/projects/zonyzeb/s/mdb/font/roboto/Roboto-Thind41d.eot]
[mdbootstrap.com/projects/zonyzeb/s/mdb/font/roboto/Roboto-Thin.woff2]
[mdbootstrap.com/projects/zonyzeb/s/mdb/font/roboto/Roboto-Thind41d.eot]
[mdbootstrap.com/projects/zonyzeb/s/mdb/font/roboto/Roboto-Thin.woff]
[mdbootstrap.com/projects/zonyzeb/s/mdb/font/roboto/Roboto-Thin.ttf]
[mdbootstrap.com/projects/zonyzeb/s/mdb/font/roboto/Roboto-Light.eot]
[mdbootstrap.com/projects/zonyzeb/s/mdb/font/roboto/Roboto-Lightd41d.eot]
[mdbootstrap.com/projects/zonyzeb/s/mdb/font/roboto/Roboto-Light.woff2]
[mdbootstrap.com/projects/zonyzeb/s/mdb/font/roboto/Roboto-Light.eot]
[mdbootstrap.com/projects/zonyzeb/s/mdb/font/roboto/Roboto-Light.woff]
[mdbootstrap.com/projects/zonyzeb/s/mdb/font/roboto/Roboto-Light.ttf]
[mdbootstrap.com/projects/zonyzeb/s/mdb/font/roboto/Roboto-Regular.eot]
[mdbootstrap.com/projects/zonyzeb/s/mdb/font/roboto/Roboto-Regulard41d.eot]
[mdbootstrap.com/projects/zonyzeb/s/mdb/font/roboto/Roboto-Regular.woff2]
[mdbootstrap.com/projects/zonyzeb/s/mdb/font/roboto/Roboto-Regulard41d.eot]
[mdbootstrap.com/projects/zonyzeb/s/mdb/font/roboto/Roboto-Regular.woff]
[mdbootstrap.com/projects/zonyzeb/s/mdb/font/roboto/Roboto-Regular.ttf]
[mdbootstrap.com/projects/zonyzeb/s/mdb/font/roboto/Roboto-Medium.eot]
[mdbootstrap.com/projects/zonyzeb/s/mdb/font/roboto/Roboto-Mediumd41d.eot]
[mdbootstrap.com/projects/zonyzeb/s/mdb/font/roboto/Roboto-Medium.woff2]
[mdbootstrap.com/projects/zonyzeb/s/mdb/font/roboto/Roboto-Mediumd41d.eot]
[mdbootstrap.com/projects/zonyzeb/s/mdb/font/roboto/Roboto-Medium.woff]
[mdbootstrap.com/projects/zonyzeb/s/mdb/font/roboto/Roboto-Medium.ttf]
[mdbootstrap.com/projects/zonyzeb/s/mdb/font/roboto/Roboto-Bold.eot]
[mdbootstrap.com/projects/zonyzeb/s/mdb/font/roboto/Roboto-Boldd41d.eot]
[mdbootstrap.com/projects/zonyzeb/s/mdb/font/roboto/Roboto-Bold.woff2]
[mdbootstrap.com/projects/zonyzeb/s/mdb/font/roboto/Roboto-Boldd41d.eot]
[mdbootstrap.com/projects/zonyzeb/s/mdb/font/roboto/Roboto-Bold.woff]
[mdbootstrap.com/projects/zonyzeb/s/mdb/font/roboto/Roboto-Bold.ttf]
[mdbootstrap.com/projects/zonyzeb/s/mdb/img/overlays/01.png]
[mdbootstrap.com/projects/zonyzeb/s/mdb/img/overlays/02.png]
[mdbootstrap.com/projects/zonyzeb/s/mdb/img/overlays/03.png]
[mdbootstrap.com/projects/zonyzeb/s/mdb/img/overlays/02.png]
[mdbootstrap.com/projects/zonyzeb/s/mdb/img/overlays/04.png]
[mdbootstrap.com/projects/zonyzeb/s/mdb/img/overlays/05.png]
[mdbootstrap.com/projects/zonyzeb/s/mdb/img/overlays/04.png]
[mdbootstrap.com/projects/zonyzeb/s/mdb/img/overlays/06.png]
[mdbootstrap.com/projects/zonyzeb/s/mdb/img/overlays/07.png]
[mdbootstrap.com/projects/zonyzeb/s/mdb/img/overlays/08.png]
[mdbootstrap.com/projects/zonyzeb/s/mdb/img/overlays/09.png]
[mdbootstrap.com/projects/zonyzeb/s/mdb/css/mdb.min.css]
[mdbootstrap.com/projects/zonyzeb/s/mdb/css/style.css]
[mdbootstrap.com/projects/zonyzeb/s/mdb/stylesheet.css]
[mdbootstrap.com/projects/zonyzeb/s/mdb/main.js]
[use.fontawesome.com/releases/v5.8.2/webfonts/fa-brands-400.svg]
[use.fontawesome.com/releases/v5.8.2/webfonts/fa-regular-400.svg]
[use.fontawesome.com/releases/v5.8.2/webfonts/fa-solid-900.svg]
[mdbootstrap.com/projects/zonyzeb/s/mdb/img/svg/arrow_left.svg]
[mdbootstrap.com/projects/zonyzeb/s/mdb/img/svg/arrow_right.svg]
